<html>
<body>
<pre>
<h1>µVision Build Log</h1>
<h2>Tool Versions:</h2>
IDE-Version: ¦ÌVision V5.14.0.0
Copyright (C) 2015 ARM Ltd and ARM Germany GmbH. All rights reserved.
License Information: Qi Te, Texot, LIC=Y2BVE-5RTWS-IMF9B-2EIUF-WBZKX-HTEU5
 
Tool Versions:
Toolchain:       MDK-ARM Professional  Version: 5.14.0.0
Toolchain Path:  C:\Keil_v5\ARM\ARMCC\Bin
C Compiler:      Armcc.exe V5.05 update 1 (build 106)
Assembler:       Armasm.exe V5.05 update 1 (build 106)
Linker/Locator:  ArmLink.exe V5.05 update 1 (build 106)
Library Manager: ArmAr.exe V5.05 update 1 (build 106)
Hex Converter:   FromElf.exe V5.05 update 1 (build 106)
CPU DLL:         SARMCM3.DLL V5.14.0.0
Dialog DLL:      DCM.DLL V1.13.1.0
Target DLL:      Segger\JL2CM3.dll V2.99.13.0
Dialog DLL:      TCM.DLL V1.14.4.0
 
<h2>Project:</h2>
Y:\My\Projects\RoboMasters\»úÆ÷ÈËµ×ÅÌÖ÷¿Ø\µ×ÅÌÖ÷¿Ø\Project\STM32F4.uvproj
Project File Date:  03/24/2015

<h2>Output:</h2>
Build target 'STM32F4'
compiling main.c...
linking...
Program Size: Code=14888 RO-data=440 RW-data=184 ZI-data=1144  
FromELF: creating hex file...
".\Objects\STM32F4.axf" - 0 Error(s), 0 Warning(s).
</pre>
</body>
</html>
