<html>
<body>
<pre>
<h1>µVision Build Log</h1>
<h2>Project:</h2>
C:\Users\dell\Desktop\¹Ì¶¨µ×ÅÌ818Ö÷¿Øgai\¹Ì¶¨µ×ÅÌ818Ö÷¿Ø\¹Ì¶¨µ×ÅÌ818Ö÷¿Ø\Project\STM32F4.uvproj
Project File Date:  08/01/2014

<h2>Output:</h2>
Build target 'STM32F4'
compiling receiver.c...
linking...
Program Size: Code=15752 RO-data=440 RW-data=172 ZI-data=1140  
".\Objects\STM32F4.axf" - 0 Errors, 0 Warning(s).
Build target 'STM32F4'
linking...
Program Size: Code=15752 RO-data=440 RW-data=172 ZI-data=1140  
".\Objects\STM32F4.axf" - 0 Errors, 0 Warning(s).
Load "C:\\Users\\dell\\Desktop\\¹Ì¶¨µ×ÅÌ818Ö÷¿Øgai\\¹Ì¶¨µ×ÅÌ818Ö÷¿Ø\\¹Ì¶¨µ×ÅÌ818Ö÷¿Ø\\Project\\Objects\\STM32F4.axf" 
Set JLink Project File to "C:\Users\dell\Desktop\¹Ì¶¨µ×ÅÌ818Ö÷¿Øgai\¹Ì¶¨µ×ÅÌ818Ö÷¿Ø\¹Ì¶¨µ×ÅÌ818Ö÷¿Ø\Project\JLinkSettings.ini"
* JLink Info: Device "STM32F405RG" selected (1024 KB flash, 128 KB RAM).
 
JLink info:
------------
DLL: V4.74b, compiled Aug 19 2013 23:26:44
Firmware: J-Link ARM V8 compiled Nov 25 2013 19:20:08
Hardware: V8.00
S/N : 17935099 
Feature(s) : RDI,FlashDL,FlashBP,JFlash 
 
* JLink Info: Found SWD-DP with ID 0x2BA01477
* JLink Info: Found SWD-DP with ID 0x2BA01477
* JLink Info: TPIU fitted.
* JLink Info: ETM fitted.
* JLink Info: FPUnit: 6 code (BP) slots and 2 literal slots
* JLink Info: Found Cortex-M4 r0p1, Little endian.
ROMTableAddr = 0xE00FF003
 
Target info:
------------
Device: STM32F405RG
VTarget = 3.254V
State of Pins: 
TCK: 0, TDI: 0, TDO: 0, TMS: 1, TRES: 1, TRST: 1
Hardware-Breakpoints: 6
Software-Breakpoints: 8192
Watchpoints:          4
JTAG speed: 2000 kHz
 
Erase Done.
Programming Done.
Verify OK.
Application running ...
Build target 'STM32F4'
compiling usart3.c...
..\Mylib\usart3.c(69): warning:  #177-D: variable "j" was declared but never referenced
linking...
Program Size: Code=15748 RO-data=440 RW-data=172 ZI-data=1140  
".\Objects\STM32F4.axf" - 0 Errors, 1 Warning(s).
Build target 'STM32F4'
linking...
Program Size: Code=15748 RO-data=440 RW-data=172 ZI-data=1140  
".\Objects\STM32F4.axf" - 0 Errors, 0 Warning(s).
Load "C:\\Users\\dell\\Desktop\\¹Ì¶¨µ×ÅÌ818Ö÷¿Øgai\\¹Ì¶¨µ×ÅÌ818Ö÷¿Ø\\¹Ì¶¨µ×ÅÌ818Ö÷¿Ø\\Project\\Objects\\STM32F4.axf" 
Set JLink Project File to "C:\Users\dell\Desktop\¹Ì¶¨µ×ÅÌ818Ö÷¿Øgai\¹Ì¶¨µ×ÅÌ818Ö÷¿Ø\¹Ì¶¨µ×ÅÌ818Ö÷¿Ø\Project\JLinkSettings.ini"
* JLink Info: Device "STM32F405RG" selected (1024 KB flash, 128 KB RAM).
 
JLink info:
------------
DLL: V4.74b, compiled Aug 19 2013 23:26:44
Firmware: J-Link ARM V8 compiled Nov 25 2013 19:20:08
Hardware: V8.00
S/N : 17935099 
Feature(s) : RDI,FlashDL,FlashBP,JFlash 
 
* JLink Info: Found SWD-DP with ID 0x2BA01477
* JLink Info: Found SWD-DP with ID 0x2BA01477
* JLink Info: TPIU fitted.
* JLink Info: ETM fitted.
* JLink Info: FPUnit: 6 code (BP) slots and 2 literal slots
* JLink Info: Found Cortex-M4 r0p1, Little endian.
ROMTableAddr = 0xE00FF003
 
Target info:
------------
Device: STM32F405RG
VTarget = 3.254V
State of Pins: 
TCK: 0, TDI: 0, TDO: 0, TMS: 1, TRES: 1, TRST: 1
Hardware-Breakpoints: 6
Software-Breakpoints: 8192
Watchpoints:          4
JTAG speed: 2000 kHz
 
Erase Done.
Programming Done.
Verify OK.
Application running ...
Build target 'STM32F4'
compiling receiver.c...
linking...
Program Size: Code=15748 RO-data=440 RW-data=172 ZI-data=1140  
".\Objects\STM32F4.axf" - 0 Errors, 0 Warning(s).
Load "C:\\Users\\dell\\Desktop\\¹Ì¶¨µ×ÅÌ818Ö÷¿Øgai\\¹Ì¶¨µ×ÅÌ818Ö÷¿Ø\\¹Ì¶¨µ×ÅÌ818Ö÷¿Ø\\Project\\Objects\\STM32F4.axf" 
Set JLink Project File to "C:\Users\dell\Desktop\¹Ì¶¨µ×ÅÌ818Ö÷¿Øgai\¹Ì¶¨µ×ÅÌ818Ö÷¿Ø\¹Ì¶¨µ×ÅÌ818Ö÷¿Ø\Project\JLinkSettings.ini"
* JLink Info: Device "STM32F405RG" selected (1024 KB flash, 128 KB RAM).
 
JLink info:
------------
DLL: V4.74b, compiled Aug 19 2013 23:26:44
Firmware: J-Link ARM V8 compiled Nov 25 2013 19:20:08
Hardware: V8.00
S/N : 17935099 
Feature(s) : RDI,FlashDL,FlashBP,JFlash 
 
* JLink Info: Found SWD-DP with ID 0x2BA01477
* JLink Info: Found SWD-DP with ID 0x2BA01477
* JLink Info: TPIU fitted.
* JLink Info: ETM fitted.
* JLink Info: FPUnit: 6 code (BP) slots and 2 literal slots
* JLink Info: Found Cortex-M4 r0p1, Little endian.
ROMTableAddr = 0xE00FF003
 
Target info:
------------
Device: STM32F405RG
VTarget = 3.254V
State of Pins: 
TCK: 0, TDI: 0, TDO: 0, TMS: 1, TRES: 1, TRST: 1
Hardware-Breakpoints: 6
Software-Breakpoints: 8192
Watchpoints:          4
JTAG speed: 2000 kHz
 
Erase Done.
Programming Done.
Verify OK.
Application running ...
Build target 'STM32F4'
compiling receiver.c...
linking...
Program Size: Code=15748 RO-data=440 RW-data=172 ZI-data=1140  
".\Objects\STM32F4.axf" - 0 Errors, 0 Warning(s).
Build target 'STM32F4'
compiling usart3.c...
..\Mylib\usart3.c(69): warning:  #177-D: variable "j" was declared but never referenced
linking...
Program Size: Code=15748 RO-data=440 RW-data=172 ZI-data=1140  
".\Objects\STM32F4.axf" - 0 Errors, 1 Warning(s).
Load "C:\\Users\\dell\\Desktop\\¹Ì¶¨µ×ÅÌ818Ö÷¿Øgai\\¹Ì¶¨µ×ÅÌ818Ö÷¿Ø\\¹Ì¶¨µ×ÅÌ818Ö÷¿Ø\\Project\\Objects\\STM32F4.axf" 
Set JLink Project File to "C:\Users\dell\Desktop\¹Ì¶¨µ×ÅÌ818Ö÷¿Øgai\¹Ì¶¨µ×ÅÌ818Ö÷¿Ø\¹Ì¶¨µ×ÅÌ818Ö÷¿Ø\Project\JLinkSettings.ini"
* JLink Info: Device "STM32F405RG" selected (1024 KB flash, 128 KB RAM).
 
JLink info:
------------
DLL: V4.74b, compiled Aug 19 2013 23:26:44
Firmware: J-Link ARM V8 compiled Nov 25 2013 19:20:08
Hardware: V8.00
S/N : 17935099 
Feature(s) : RDI,FlashDL,FlashBP,JFlash 
 
* JLink Info: Found SWD-DP with ID 0x2BA01477
* JLink Info: Found SWD-DP with ID 0x2BA01477
* JLink Info: TPIU fitted.
* JLink Info: ETM fitted.
* JLink Info: FPUnit: 6 code (BP) slots and 2 literal slots
* JLink Info: Found Cortex-M4 r0p1, Little endian.
ROMTableAddr = 0xE00FF003
 
Target info:
------------
Device: STM32F405RG
VTarget = 3.254V
State of Pins: 
TCK: 0, TDI: 0, TDO: 0, TMS: 1, TRES: 1, TRST: 1
Hardware-Breakpoints: 6
Software-Breakpoints: 8192
Watchpoints:          4
JTAG speed: 2000 kHz
 
Erase Done.
Programming Done.
Verify OK.
Application running ...
Build target 'STM32F4'
compiling receiver.c...
linking...
Program Size: Code=15748 RO-data=440 RW-data=172 ZI-data=1140  
".\Objects\STM32F4.axf" - 0 Errors, 0 Warning(s).
Load "C:\\Users\\dell\\Desktop\\¹Ì¶¨µ×ÅÌ818Ö÷¿Øgai\\¹Ì¶¨µ×ÅÌ818Ö÷¿Ø\\¹Ì¶¨µ×ÅÌ818Ö÷¿Ø\\Project\\Objects\\STM32F4.axf" 
Set JLink Project File to "C:\Users\dell\Desktop\¹Ì¶¨µ×ÅÌ818Ö÷¿Øgai\¹Ì¶¨µ×ÅÌ818Ö÷¿Ø\¹Ì¶¨µ×ÅÌ818Ö÷¿Ø\Project\JLinkSettings.ini"
* JLink Info: Device "STM32F405RG" selected (1024 KB flash, 128 KB RAM).
 
JLink info:
------------
DLL: V4.74b, compiled Aug 19 2013 23:26:44
Firmware: J-Link ARM V8 compiled Nov 25 2013 19:20:08
Hardware: V8.00
S/N : 17935099 
Feature(s) : RDI,FlashDL,FlashBP,JFlash 
 
* JLink Info: Found SWD-DP with ID 0x2BA01477
* JLink Info: Found SWD-DP with ID 0x2BA01477
* JLink Info: TPIU fitted.
* JLink Info: ETM fitted.
* JLink Info: FPUnit: 6 code (BP) slots and 2 literal slots
* JLink Info: Found Cortex-M4 r0p1, Little endian.
ROMTableAddr = 0xE00FF003
 
Target info:
------------
Device: STM32F405RG
VTarget = 3.254V
State of Pins: 
TCK: 0, TDI: 0, TDO: 0, TMS: 1, TRES: 1, TRST: 1
Hardware-Breakpoints: 6
Software-Breakpoints: 8192
Watchpoints:          4
JTAG speed: 2000 kHz
 
Erase Done.
Programming Done.
Verify OK.
Application running ...
Build target 'STM32F4'
compiling receiver.c...
compiling usart3.c...
..\Mylib\usart3.c(69): warning:  #177-D: variable "j" was declared but never referenced
linking...
Program Size: Code=15748 RO-data=440 RW-data=172 ZI-data=1140  
".\Objects\STM32F4.axf" - 0 Errors, 1 Warning(s).
Load "C:\\Users\\dell\\Desktop\\¹Ì¶¨µ×ÅÌ818Ö÷¿Øgai\\¹Ì¶¨µ×ÅÌ818Ö÷¿Ø\\¹Ì¶¨µ×ÅÌ818Ö÷¿Ø\\Project\\Objects\\STM32F4.axf" 
Build target 'STM32F4'
linking...
Program Size: Code=15748 RO-data=440 RW-data=172 ZI-data=1140  
".\Objects\STM32F4.axf" - 0 Errors, 0 Warning(s).
Load "C:\\Users\\dell\\Desktop\\¹Ì¶¨µ×ÅÌ818Ö÷¿Øgai\\¹Ì¶¨µ×ÅÌ818Ö÷¿Ø\\¹Ì¶¨µ×ÅÌ818Ö÷¿Ø\\Project\\Objects\\STM32F4.axf" 
Set JLink Project File to "C:\Users\dell\Desktop\¹Ì¶¨µ×ÅÌ818Ö÷¿Øgai\¹Ì¶¨µ×ÅÌ818Ö÷¿Ø\¹Ì¶¨µ×ÅÌ818Ö÷¿Ø\Project\JLinkSettings.ini"
* JLink Info: Device "STM32F405RG" selected (1024 KB flash, 128 KB RAM).
 
JLink info:
------------
DLL: V4.74b, compiled Aug 19 2013 23:26:44
Firmware: J-Link ARM V8 compiled Nov 25 2013 19:20:08
Hardware: V8.00
S/N : 17935099 
Feature(s) : RDI,FlashDL,FlashBP,JFlash 
 
* JLink Info: Found SWD-DP with ID 0x2BA01477
* JLink Info: Found SWD-DP with ID 0x2BA01477
* JLink Info: TPIU fitted.
* JLink Info: ETM fitted.
* JLink Info: FPUnit: 6 code (BP) slots and 2 literal slots
* JLink Info: Found Cortex-M4 r0p1, Little endian.
ROMTableAddr = 0xE00FF003
 
Target info:
------------
Device: STM32F405RG
VTarget = 3.254V
State of Pins: 
TCK: 0, TDI: 0, TDO: 0, TMS: 1, TRES: 1, TRST: 1
Hardware-Breakpoints: 6
Software-Breakpoints: 8192
Watchpoints:          4
JTAG speed: 2000 kHz
 
Erase Done.
Programming Done.
Verify OK.
Application running ...
Build target 'STM32F4'
compiling receiver.c...
linking...
Program Size: Code=15748 RO-data=440 RW-data=172 ZI-data=1140  
".\Objects\STM32F4.axf" - 0 Errors, 0 Warning(s).
